
> space-studio-neural@3.5.0 build
> vite build

[36mvite v5.4.21 [32mbuilding for production...[36m[39m
transforming...
[32mΓ£ô[39m 1042 modules transformed.
node.exe : [31mx[39m Build failed in 6.84s
At line:1 char:1
+ & "C:\Program Files\nodejs/node.exe" "C:\Program Files\nodejs/node_mo ...
+ ~~~~~~~~~~~~~~~~~~~~~~~~~~~~~~~~~~~~~~~~~~~~~~~~~~~~~~~~~~~~~~~~~~~~~
    + CategoryInfo          : NotSpecified: ([31mx[39m Build failed in 6.84s:String) [], RemoteExcepti 
   on
    + FullyQualifiedErrorId : NativeCommandError
 
[31merror during build:
[31m[vite]: Rollup failed to resolve import "xlsx" from "D:/Aplikasi Flow 
Creative/Aplikasi-Flow-Creative-Beatstoria/components/studio/NoteLMStudio.tsx".
This is most likely unintended because it can break your application at runtime.
If you do want to externalize this module explicitly add it to
`build.rollupOptions.external`[31m
    at viteWarn (file:///D:/Aplikasi%20Flow%20Creative/Aplikasi-Flow-Creative-Beatstoria/node_modules/vit
e/dist/node/chunks/dep-BK3b2jBa.js:65855:17)
    at onwarn (file:///D:/Aplikasi%20Flow%20Creative/Aplikasi-Flow-Creative-Beatstoria/node_modules/@vite
js/plugin-react/dist/index.js:90:7)
    at onRollupWarning (file:///D:/Aplikasi%20Flow%20Creative/Aplikasi-Flow-Creative-Beatstoria/node_modu
les/vite/dist/node/chunks/dep-BK3b2jBa.js:65885:5)
    at onwarn (file:///D:/Aplikasi%20Flow%20Creative/Aplikasi-Flow-Creative-Beatstoria/node_modules/vite/
dist/node/chunks/dep-BK3b2jBa.js:65550:7)
    at file:///D:/Aplikasi%20Flow%20Creative/Aplikasi-Flow-Creative-Beatstoria/node_modules/rollup/dist/e
s/shared/node-entry.js:20995:13
    at Object.logger [as onLog] (file:///D:/Aplikasi%20Flow%20Creative/Aplikasi-Flow-Creative-Beatstoria/
node_modules/rollup/dist/es/shared/node-entry.js:22968:9)
    at ModuleLoader.handleInvalidResolvedId (file:///D:/Aplikasi%20Flow%20Creative/Aplikasi-Flow-Creative
-Beatstoria/node_modules/rollup/dist/es/shared/node-entry.js:21712:26)
    at file:///D:/Aplikasi%20Flow%20Creative/Aplikasi-Flow-Creative-Beatstoria/node_modules/rollup/dist/e
s/shared/node-entry.js:21670:26[39m
